[{"stream_name":"stdout","time":0.953451949,"data":"=== 動画トリミング処理を開始します ===\n"}
,{"stream_name":"stdout","time":0.958659568,"data":"\n"}
,{"stream_name":"stdout","time":0.958694811,"data":"--- Clip 1/2 ---\n"}
,{"stream_name":"stdout","time":0.958700645,"data":"\n"}
,{"stream_name":"stdout","time":0.958705414,"data":"[処理開始] 00:00:00 ～ 00:04:14 ➔ sfw.mp4 を切り出しています...\n"}
,{"stream_name":"stdout","time":2.327797883,"data":"[成功] 保存完了: /kaggle/working/trimmed_videos/sfw.mp4\n"}
,{"stream_name":"stdout","time":2.327837832,"data":"\n"}
,{"stream_name":"stdout","time":2.327843604,"data":"--- Clip 2/2 ---\n"}
,{"stream_name":"stdout","time":2.327848619,"data":"\n"}
,{"stream_name":"stdout","time":2.327853418,"data":"[処理開始] 01:56:12 ～ 01:57:26 ➔ sfw2.mp4 を切り出しています...\n"}
,{"stream_name":"stdout","time":2.6590618,"data":"[成功] 保存完了: /kaggle/working/trimmed_videos/sfw2.mp4\n"}
,{"stream_name":"stdout","time":2.659099589,"data":"\n"}
,{"stream_name":"stdout","time":2.659105652,"data":"==========================================\n"}
,{"stream_name":"stdout","time":2.65911102,"data":"全処理が完了しました: 2/2 件成功\n"}
,{"stream_name":"stdout","time":2.659116375,"data":"==========================================\n"}
,{"stream_name":"stderr","time":5.68304916,"data":"/usr/local/lib/python3.12/dist-packages/mistune.py:435: SyntaxWarning: invalid escape sequence '\\|'\n"}
,{"stream_name":"stderr","time":5.683088538,"data":"  cells[i][c] = re.sub('\\\\\\\\\\|', '|', cell)\n"}
,{"stream_name":"stderr","time":6.091795118,"data":"/usr/local/lib/python3.12/dist-packages/nbconvert/filters/filter_links.py:36: SyntaxWarning: invalid escape sequence '\\_'\n"}
,{"stream_name":"stderr","time":6.091829629,"data":"  text = re.sub(r'_', '\\_', text) # Escape underscores in display text\n"}
,{"stream_name":"stderr","time":7.947936287,"data":"[NbConvertApp] Converting notebook __script__.ipynb to html\n"}
,{"stream_name":"stderr","time":9.707261128,"data":"[NbConvertApp] Writing 287216 bytes to __results__.html\n"}
]